// Jest Snapshot v1, https://goo.gl/fbAQLP

exports[`FormCard should match the snapshot 1`] = `
<View
  accessible={true}
  isTVSelectable={true}
  onResponderGrant={[Function]}
  onResponderMove={[Function]}
  onResponderRelease={[Function]}
  onResponderTerminate={[Function]}
  onResponderTerminationRequest={[Function]}
  onStartShouldSetResponder={[Function]}
  style={
    Object {
      "backgroundColor": "white",
      "color": "black",
      "margin": 10,
      "opacity": 1,
      "width": 300,
    }
  }
>
  <Text
    style={
      Object {
        "color": "black",
        "fontSize": 20,
        "margin": 20,
      }
    }
  />
  <View
    style={
      Object {
        "borderBottomColor": "black",
        "borderBottomWidth": 1,
      }
    }
  />
  <Text
    style={
      Object {
        "alignSelf": "stretch",
        "color": "black",
        "fontSize": 10,
        "margin": 10,
        "textAlign": "right",
      }
    }
  >
    created At:
     
  </Text>
</View>
`;
